// Jest Snapshot v1, https://goo.gl/fbAQLP

exports[`renders learn react link 1`] = `
<div
  className="test"
>
  <ForwardRef(Typography)>
    Project Initial setup
  </ForwardRef(Typography)>
</div>
`;
